../Core/Src/stm32f4xx_hal_msp.c:65:6:HAL_MspInit	8	static
../Core/Src/stm32f4xx_hal_msp.c:88:6:HAL_I2C_MspInit	48	static
../Core/Src/stm32f4xx_hal_msp.c:125:6:HAL_I2C_MspDeInit	8	static
../Core/Src/stm32f4xx_hal_msp.c:156:6:HAL_SPI_MspInit	40	static
../Core/Src/stm32f4xx_hal_msp.c:194:6:HAL_SPI_MspDeInit	0	static
../Core/Src/stm32f4xx_hal_msp.c:224:6:HAL_TIM_PWM_MspInit	24	static
../Core/Src/stm32f4xx_hal_msp.c:271:6:HAL_TIM_Base_MspInit	16	static
../Core/Src/stm32f4xx_hal_msp.c:291:6:HAL_TIM_MspPostInit	40	static
../Core/Src/stm32f4xx_hal_msp.c:365:6:HAL_TIM_PWM_MspDeInit	0	static
../Core/Src/stm32f4xx_hal_msp.c:419:6:HAL_TIM_Base_MspDeInit	0	static
../Core/Src/stm32f4xx_hal_msp.c:451:6:HAL_UART_MspInit	40	static
../Core/Src/stm32f4xx_hal_msp.c:488:6:HAL_UART_MspDeInit	0	static
