../Core/Src/stm32f4xx_hal_msp.c:65:6:HAL_MspInit	8	static
../Core/Src/stm32f4xx_hal_msp.c:88:6:HAL_I2C_MspInit	48	static
../Core/Src/stm32f4xx_hal_msp.c:125:6:HAL_I2C_MspDeInit	8	static
../Core/Src/stm32f4xx_hal_msp.c:156:6:HAL_SPI_MspInit	40	static
../Core/Src/stm32f4xx_hal_msp.c:194:6:HAL_SPI_MspDeInit	0	static
../Core/Src/stm32f4xx_hal_msp.c:224:6:HAL_TIM_PWM_MspInit	16	static
../Core/Src/stm32f4xx_hal_msp.c:268:6:HAL_TIM_Base_MspInit	8	static
../Core/Src/stm32f4xx_hal_msp.c:285:6:HAL_TIM_MspPostInit	40	static
../Core/Src/stm32f4xx_hal_msp.c:359:6:HAL_TIM_PWM_MspDeInit	0	static
../Core/Src/stm32f4xx_hal_msp.c:403:6:HAL_TIM_Base_MspDeInit	0	static
../Core/Src/stm32f4xx_hal_msp.c:425:6:HAL_UART_MspInit	40	static
../Core/Src/stm32f4xx_hal_msp.c:462:6:HAL_UART_MspDeInit	0	static
