../Core/Src/main.c:125:6:radio_setup	8	static
../Core/Src/main.c:156:6:HAL_TIM_PeriodElapsedCallback	16	static
../Core/Src/main.c:177:6:acionar_motor	48	static
../Core/Src/main.c:253:5:main	288	dynamic
../Core/Src/main.c:451:6:SystemClock_Config	88	static
../Core/Src/main.c:498:13:MX_I2C1_Init	8	static
../Core/Src/main.c:532:13:MX_SPI1_Init	8	static
../Core/Src/main.c:570:13:MX_TIM1_Init	80	static
../Core/Src/main.c:635:13:MX_TIM2_Init	48	static
../Core/Src/main.c:684:13:MX_TIM3_Init	48	static
../Core/Src/main.c:737:13:MX_TIM11_Init	8	static
../Core/Src/main.c:769:13:MX_USART2_UART_Init	8	static
../Core/Src/main.c:802:13:MX_GPIO_Init	48	static
../Core/Src/main.c:865:6:Error_Handler	4	static,ignoring_inline_asm
